// Jest Snapshot v1, https://goo.gl/fbAQLP

exports[`legacy plugin contents 1`] = `
"import createApp from './app.js'

import authService from './service.auth.js'
import realtimeDbService from './service.realtimeDb.js'
import firestoreService from './service.firestore.js'
import storageService from './service.storage.js'
import functionsService from './service.functions.js'
import messagingService from './service.messaging.js'
import performanceService from './service.performance.js'
import analyticsService from './service.analytics.js'
import remoteConfigService from './service.remoteConfig.js'

const appConfig = {\\"apiKey\\":\\"\\\\u003CapiKey\\\\u003E\\",\\"authDomain\\":\\"\\\\u003CauthDomain\\\\u003E\\",\\"databaseURL\\":\\"\\\\u003CdatabaseURL\\\\u003E\\",\\"projectId\\":\\"\\\\u003CprojectId\\\\u003E\\",\\"storageBucket\\":\\"\\\\u003CstorageBucket\\\\u003E\\",\\"messagingSenderId\\":\\"\\\\u003CmessagingSenderId\\\\u003E\\",\\"appId\\":\\"\\\\u003CappId\\\\u003E\\",\\"measurementId\\":\\"\\\\u003CmeasurementId\\\\u003E\\"}

export default async (ctx, inject) => {
  const { firebase, session } = await createApp(appConfig)

  let servicePromises = []

  if (process.server) {
    servicePromises = [
      authService(session, firebase, ctx, inject),
    realtimeDbService(session, firebase, ctx, inject),
    firestoreService(session, firebase, ctx, inject),
    storageService(session, firebase, ctx, inject),
    functionsService(session, firebase, ctx, inject),

    ]
  }

  if (process.client) {
    servicePromises = [
      authService(session, firebase, ctx, inject),
      realtimeDbService(session, firebase, ctx, inject),
      firestoreService(session, firebase, ctx, inject),
      storageService(session, firebase, ctx, inject),
      functionsService(session, firebase, ctx, inject),
      messagingService(session, firebase, ctx, inject),
      performanceService(session, firebase, ctx, inject),
      analyticsService(session, firebase, ctx, inject),
      remoteConfigService(session, firebase, ctx, inject),

    ]
  }

  const [
    auth,
    realtimeDb,
    firestore,
    storage,
    functions,
    messaging,
    performance,
    analytics,
    remoteConfig
  ] = await Promise.all(servicePromises)

  if (process.server) {
    inject('fireAuth', auth)

    inject('fireAuthObj', firebase.auth)

    inject('fireDb', realtimeDb)

    inject('fireDbObj', firebase.database)

    inject('fireStore', firestore)

    inject('fireStoreObj', firebase.firestore)

    inject('fireStorage', storage)

    inject('fireStorageObj', firebase.storage)

    inject('fireFunc', functions)

    inject('fireFuncObj', firebase.functions)
  }

  if (process.client) {
    inject('fireAuth', auth)

    inject('fireAuthObj', firebase.auth)

    inject('fireDb', realtimeDb)

    inject('fireDbObj', firebase.database)

    inject('fireStore', firestore)

    inject('fireStoreObj', firebase.firestore)

    inject('fireStorage', storage)

    inject('fireStorageObj', firebase.storage)

    inject('fireFunc', functions)

    inject('fireFuncObj', firebase.functions)

    inject('fireMess', messaging)

    inject('fireMessObj', firebase.messaging)

    inject('firePerf', performance)

    inject('firePerfObj', firebase.performance)

    inject('fireAnalytics', analytics)

    inject('fireAnalyticsObj', firebase.analytics)

    inject('fireConfig', remoteConfig)

    inject('fireConfigObj', firebase.remoteConfig)
  }
}
"
`;
